<?xml version="1.0" encoding="UTF-8"?>
<dataset>
    <end_user usr_id="1" usr_email="tommy@hotmail.it" usr_name="Tommaso" usr_surname="Sorrentino" usr_password="65c21921ca10a8502757efc9aa552874d181c6206feb2845a921eb57f5e518d4" usr_phone_number="+393662968496" usr_birth_date="1999-01-01"/>
    <ADDRESS addr_id="1" usr_id="1"  addr_country="Italia" addr_city="Napoli" addr_street="Via Roma 24" addr_phone_number="+393662968496" addr_region="Campania" addr_postal_code="80100"/>
    <credit_card crd_id="1" crd_number="1111111111111" usr_id="1"  crd_holder="Tommaso Sorrentino" crd_expiration_date="2030-01-01" crd_cvc="a665a45920422f9d417e4867efdc4fb8a04a1f3fff1fa07e998e86f7f7a27ae3"/>
</dataset>